../Core/Src/main.c:74:6:HAL_TIM_PeriodElapsedCallback	16	static
../Core/Src/main.c:92:6:ledFade	24	static
../Core/Src/main.c:108:6:lcdUpdate	48	static
../Core/Src/main.c:125:5:main	8	static
../Core/Src/main.c:189:6:SystemClock_Config	88	static
../Core/Src/main.c:232:13:MX_RTC_Init	32	static
../Core/Src/main.c:295:13:MX_TIM2_Init	64	static
../Core/Src/main.c:354:13:MX_TIM3_Init	32	static
../Core/Src/main.c:399:13:MX_GPIO_Init	48	static
../Core/Src/main.c:439:13:MX_FSMC_Init	40	static
../Core/Src/main.c:499:6:Error_Handler	4	static,ignoring_inline_asm
