../Core/Src/stm32f4xx_hal_msp.c:65:6:HAL_MspInit	16	static
../Core/Src/stm32f4xx_hal_msp.c:88:6:HAL_RTC_MspInit	32	static
../Core/Src/stm32f4xx_hal_msp.c:122:6:HAL_RTC_MspDeInit	16	static
../Core/Src/stm32f4xx_hal_msp.c:144:6:HAL_TIM_Base_MspInit	24	static
../Core/Src/stm32f4xx_hal_msp.c:177:6:HAL_TIM_MspPostInit	40	static
../Core/Src/stm32f4xx_hal_msp.c:209:6:HAL_TIM_Base_MspDeInit	16	static
../Core/Src/stm32f4xx_hal_msp.c:244:13:HAL_FSMC_MspInit	32	static
../Core/Src/stm32f4xx_hal_msp.c:298:6:HAL_SRAM_MspInit	16	static
../Core/Src/stm32f4xx_hal_msp.c:310:13:HAL_FSMC_MspDeInit	8	static
../Core/Src/stm32f4xx_hal_msp.c:347:6:HAL_SRAM_MspDeInit	16	static
